^C /usr$
^[AD] /usr/dev$
^[AD] /usr/etc$
^[AD] /usr/mnt$
^[AD] /usr/proc$
^[AD] /usr/root$
^[AD] /usr/run$
^[AD] /usr/sys$
^[AD] /usr/usr$
^[AD] /usr/var$
